Traceback (most recent call last):
  File "/home/mobrienv/.local/share/uv/python/cpython-3.11.15-linux-x86_64-gnu/lib/python3.11/urllib/request.py", line 1348, in do_open
    h.request(req.get_method(), req.selector, req.data, headers,
  File "/home/mobrienv/.local/share/uv/python/cpython-3.11.15-linux-x86_64-gnu/lib/python3.11/http/client.py", line 1323, in request
    self._send_request(method, url, body, headers, encode_chunked)
  File "/home/mobrienv/.local/share/uv/python/cpython-3.11.15-linux-x86_64-gnu/lib/python3.11/http/client.py", line 1369, in _send_request
    self.endheaders(body, encode_chunked=encode_chunked)
  File "/home/mobrienv/.local/share/uv/python/cpython-3.11.15-linux-x86_64-gnu/lib/python3.11/http/client.py", line 1318, in endheaders
    self._send_output(message_body, encode_chunked=encode_chunked)
  File "/home/mobrienv/.local/share/uv/python/cpython-3.11.15-linux-x86_64-gnu/lib/python3.11/http/client.py", line 1078, in _send_output
    self.send(msg)
  File "/home/mobrienv/.local/share/uv/python/cpython-3.11.15-linux-x86_64-gnu/lib/python3.11/http/client.py", line 1016, in send
    self.connect()
  File "/home/mobrienv/.local/share/uv/python/cpython-3.11.15-linux-x86_64-gnu/lib/python3.11/http/client.py", line 982, in connect
    self.sock = self._create_connection(
                ^^^^^^^^^^^^^^^^^^^^^^^^
  File "/home/mobrienv/.local/share/uv/python/cpython-3.11.15-linux-x86_64-gnu/lib/python3.11/socket.py", line 863, in create_connection
    raise exceptions[0]
  File "/home/mobrienv/.local/share/uv/python/cpython-3.11.15-linux-x86_64-gnu/lib/python3.11/socket.py", line 848, in create_connection
    sock.connect(sa)
ConnectionRefusedError: [Errno 111] Connection refused

During handling of the above exception, another exception occurred:

Traceback (most recent call last):
  File "/home/mobrienv/code/nemotron35-bench/scripts/probe.py", line 88, in <module>
    main()
  File "/home/mobrienv/code/nemotron35-bench/scripts/probe.py", line 57, in main
    with urllib.request.urlopen(req, timeout=1800) as resp:
         ^^^^^^^^^^^^^^^^^^^^^^^^^^^^^^^^^^^^^^^^^
  File "/home/mobrienv/.local/share/uv/python/cpython-3.11.15-linux-x86_64-gnu/lib/python3.11/urllib/request.py", line 216, in urlopen
    return opener.open(url, data, timeout)
           ^^^^^^^^^^^^^^^^^^^^^^^^^^^^^^^
  File "/home/mobrienv/.local/share/uv/python/cpython-3.11.15-linux-x86_64-gnu/lib/python3.11/urllib/request.py", line 519, in open
    response = self._open(req, data)
               ^^^^^^^^^^^^^^^^^^^^^
  File "/home/mobrienv/.local/share/uv/python/cpython-3.11.15-linux-x86_64-gnu/lib/python3.11/urllib/request.py", line 536, in _open
    result = self._call_chain(self.handle_open, protocol, protocol +
             ^^^^^^^^^^^^^^^^^^^^^^^^^^^^^^^^^^^^^^^^^^^^^^^^^^^^^^^
  File "/home/mobrienv/.local/share/uv/python/cpython-3.11.15-linux-x86_64-gnu/lib/python3.11/urllib/request.py", line 496, in _call_chain
    result = func(*args)
             ^^^^^^^^^^^
  File "/home/mobrienv/.local/share/uv/python/cpython-3.11.15-linux-x86_64-gnu/lib/python3.11/urllib/request.py", line 1377, in http_open
    return self.do_open(http.client.HTTPConnection, req)
           ^^^^^^^^^^^^^^^^^^^^^^^^^^^^^^^^^^^^^^^^^^^^^
  File "/home/mobrienv/.local/share/uv/python/cpython-3.11.15-linux-x86_64-gnu/lib/python3.11/urllib/request.py", line 1351, in do_open
    raise URLError(err)
urllib.error.URLError: <urlopen error [Errno 111] Connection refused>
